// Jest Snapshot v1, https://goo.gl/fbAQLP

exports[`SheetHeader should render correctly 1`] = `
<View
  style={
    Object {
      "alignItems": "center",
      "backgroundColor": "#FFFFFF",
      "flexDirection": "row",
      "height": 32,
      "justifyContent": "space-between",
      "margin": 16,
    }
  }
>
  <View
    style={
      Object {
        "flex": 1,
      }
    }
  />
  <Text
    variant="sHeadingMD"
  >
    Title
  </Text>
  <View
    style={
      Object {
        "alignItems": "flex-end",
        "flex": 1,
      }
    }
  />
</View>
`;
