// Jest Snapshot v1, https://goo.gl/fbAQLP

exports[`QuickActionButton renders correctly in disabled state 1`] = `
<View
  style={
    [
      {
        "transform": [
          {
            "scale": 1,
          },
        ],
      },
      {
        "alignItems": "center",
        "justifyContent": "center",
      },
    ]
  }
>
  <View
    accessibilityLabel="Disabled Button"
    accessibilityRole="button"
    accessibilityState={
      {
        "busy": undefined,
        "checked": undefined,
        "disabled": true,
        "expanded": undefined,
        "selected": undefined,
      }
    }
    accessibilityValue={
      {
        "max": undefined,
        "min": undefined,
        "now": undefined,
        "text": undefined,
      }
    }
    accessible={true}
    collapsable={false}
    focusable={true}
    onBlur={[Function]}
    onClick={[Function]}
    onFocus={[Function]}
    onResponderGrant={[Function]}
    onResponderMove={[Function]}
    onResponderRelease={[Function]}
    onResponderTerminate={[Function]}
    onResponderTerminationRequest={[Function]}
    onStartShouldSetResponder={[Function]}
    style={
      [
        {
          "alignItems": "center",
          "backgroundColor": "#3c4d9d0f",
          "borderColor": "transparent",
          "borderRadius": 12,
          "borderWidth": 1,
          "flexDirection": "row",
          "height": 48,
          "justifyContent": "center",
          "minWidth": 0,
          "opacity": 0.5,
          "overflow": "hidden",
          "paddingLeft": 8,
          "paddingRight": 8,
          "width": "100%",
        },
      ]
    }
  >
    <View
      style={
        {
          "alignItems": "center",
          "bottom": 0,
          "display": "flex",
          "justifyContent": "center",
          "left": 0,
          "opacity": 0,
          "position": "absolute",
          "right": 0,
          "top": 0,
        }
      }
      testID="spinner-container"
    >
      <View
        style={
          [
            {
              "alignItems": "center",
              "columnGap": 8,
              "flexDirection": "row",
            },
            undefined,
          ]
        }
        testID="spinner"
      >
        <View
          style={
            [
              {
                "transform": [
                  {
                    "rotate": "0deg",
                  },
                ],
              },
            ]
          }
          testID="spinner-animated-view"
        >
          <SvgMock
            fill="currentColor"
            name="Loading"
            style={
              [
                {
                  "color": "#121314",
                  "height": 20,
                  "width": 20,
                },
                undefined,
              ]
            }
            testID="spinner-icon"
          />
        </View>
      </View>
    </View>
    <View
      style={
        {
          "alignItems": "center",
          "columnGap": 8,
          "flexDirection": "row",
          "justifyContent": "center",
          "opacity": 1,
        }
      }
      testID="content-container"
    >
      <Text
        accessibilityRole="text"
        ellipsizeMode="clip"
        numberOfLines={1}
        style={
          [
            {
              "color": "#121314",
              "flexGrow": 0,
              "flexShrink": 1,
              "flexWrap": "wrap",
              "fontFamily": "Geist Medium",
              "fontSize": 16,
              "fontWeight": 400,
              "letterSpacing": 0,
              "lineHeight": 24,
              "textAlign": "center",
            },
            undefined,
          ]
        }
      >
        Disabled Button
      </Text>
    </View>
  </View>
</View>
`;

exports[`QuickActionButton renders correctly with custom variant and size 1`] = `
<View
  style={
    [
      {
        "transform": [
          {
            "scale": 1,
          },
        ],
      },
      {
        "alignItems": "center",
        "justifyContent": "center",
      },
    ]
  }
>
  <View
    accessibilityLabel="Primary Button"
    accessibilityRole="button"
    accessibilityState={
      {
        "busy": undefined,
        "checked": undefined,
        "disabled": false,
        "expanded": undefined,
        "selected": undefined,
      }
    }
    accessibilityValue={
      {
        "max": undefined,
        "min": undefined,
        "now": undefined,
        "text": undefined,
      }
    }
    accessible={true}
    collapsable={false}
    focusable={true}
    onBlur={[Function]}
    onClick={[Function]}
    onFocus={[Function]}
    onResponderGrant={[Function]}
    onResponderMove={[Function]}
    onResponderRelease={[Function]}
    onResponderTerminate={[Function]}
    onResponderTerminationRequest={[Function]}
    onStartShouldSetResponder={[Function]}
    style={
      [
        {
          "alignItems": "center",
          "backgroundColor": "#121314",
          "borderRadius": 12,
          "flexDirection": "row",
          "height": 40,
          "justifyContent": "center",
          "minWidth": 0,
          "opacity": 1,
          "overflow": "hidden",
          "paddingLeft": 8,
          "paddingRight": 8,
          "width": "100%",
        },
      ]
    }
  >
    <View
      style={
        {
          "alignItems": "center",
          "bottom": 0,
          "display": "flex",
          "justifyContent": "center",
          "left": 0,
          "opacity": 0,
          "position": "absolute",
          "right": 0,
          "top": 0,
        }
      }
      testID="spinner-container"
    >
      <View
        style={
          [
            {
              "alignItems": "center",
              "columnGap": 8,
              "flexDirection": "row",
            },
            undefined,
          ]
        }
        testID="spinner"
      >
        <View
          style={
            [
              {
                "transform": [
                  {
                    "rotate": "0deg",
                  },
                ],
              },
            ]
          }
          testID="spinner-animated-view"
        >
          <SvgMock
            fill="currentColor"
            name="Loading"
            style={
              [
                {
                  "color": "#ffffff",
                  "height": 20,
                  "width": 20,
                },
                undefined,
              ]
            }
            testID="spinner-icon"
          />
        </View>
      </View>
    </View>
    <View
      style={
        {
          "alignItems": "center",
          "columnGap": 8,
          "flexDirection": "row",
          "justifyContent": "center",
          "opacity": 1,
        }
      }
      testID="content-container"
    >
      <Text
        accessibilityRole="text"
        ellipsizeMode="clip"
        numberOfLines={1}
        style={
          [
            {
              "color": "#ffffff",
              "flexGrow": 0,
              "flexShrink": 1,
              "flexWrap": "wrap",
              "fontFamily": "Geist Medium",
              "fontSize": 16,
              "fontWeight": 400,
              "letterSpacing": 0,
              "lineHeight": 24,
              "textAlign": "center",
            },
            undefined,
          ]
        }
      >
        Primary Button
      </Text>
    </View>
  </View>
</View>
`;

exports[`QuickActionButton renders correctly with default props 1`] = `
<View
  style={
    [
      {
        "transform": [
          {
            "scale": 1,
          },
        ],
      },
      {
        "alignItems": "center",
        "justifyContent": "center",
      },
    ]
  }
>
  <View
    accessibilityLabel="Test Button"
    accessibilityRole="button"
    accessibilityState={
      {
        "busy": undefined,
        "checked": undefined,
        "disabled": false,
        "expanded": undefined,
        "selected": undefined,
      }
    }
    accessibilityValue={
      {
        "max": undefined,
        "min": undefined,
        "now": undefined,
        "text": undefined,
      }
    }
    accessible={true}
    collapsable={false}
    focusable={true}
    onBlur={[Function]}
    onClick={[Function]}
    onFocus={[Function]}
    onResponderGrant={[Function]}
    onResponderMove={[Function]}
    onResponderRelease={[Function]}
    onResponderTerminate={[Function]}
    onResponderTerminationRequest={[Function]}
    onStartShouldSetResponder={[Function]}
    style={
      [
        {
          "alignItems": "center",
          "backgroundColor": "#3c4d9d0f",
          "borderColor": "transparent",
          "borderRadius": 12,
          "borderWidth": 1,
          "flexDirection": "row",
          "height": 48,
          "justifyContent": "center",
          "minWidth": 0,
          "opacity": 1,
          "overflow": "hidden",
          "paddingLeft": 8,
          "paddingRight": 8,
          "width": "100%",
        },
      ]
    }
  >
    <View
      style={
        {
          "alignItems": "center",
          "bottom": 0,
          "display": "flex",
          "justifyContent": "center",
          "left": 0,
          "opacity": 0,
          "position": "absolute",
          "right": 0,
          "top": 0,
        }
      }
      testID="spinner-container"
    >
      <View
        style={
          [
            {
              "alignItems": "center",
              "columnGap": 8,
              "flexDirection": "row",
            },
            undefined,
          ]
        }
        testID="spinner"
      >
        <View
          style={
            [
              {
                "transform": [
                  {
                    "rotate": "0deg",
                  },
                ],
              },
            ]
          }
          testID="spinner-animated-view"
        >
          <SvgMock
            fill="currentColor"
            name="Loading"
            style={
              [
                {
                  "color": "#121314",
                  "height": 20,
                  "width": 20,
                },
                undefined,
              ]
            }
            testID="spinner-icon"
          />
        </View>
      </View>
    </View>
    <View
      style={
        {
          "alignItems": "center",
          "columnGap": 8,
          "flexDirection": "row",
          "justifyContent": "center",
          "opacity": 1,
        }
      }
      testID="content-container"
    >
      <Text
        accessibilityRole="text"
        ellipsizeMode="clip"
        numberOfLines={1}
        style={
          [
            {
              "color": "#121314",
              "flexGrow": 0,
              "flexShrink": 1,
              "flexWrap": "wrap",
              "fontFamily": "Geist Medium",
              "fontSize": 16,
              "fontWeight": 400,
              "letterSpacing": 0,
              "lineHeight": 24,
              "textAlign": "center",
            },
            undefined,
          ]
        }
      >
        Test Button
      </Text>
    </View>
  </View>
</View>
`;
