// Jest Snapshot v1, https://goo.gl/fbAQLP

exports[`DepositTextField should render default settings correctly 1`] = `
<View
  style={
    [
      {},
      undefined,
    ]
  }
>
  <Label
    style={{}}
    variant="sHeadingSMRegular"
  >
    Test Label
  </Label>
  <ForwardRef
    keyboardAppearance="light"
    placeholderTextColor="#888888"
    size="48"
    testID="deposit-field-test-id"
  />
</View>
`;
