// Jest Snapshot v1, https://goo.gl/fbAQLP

exports[`ButtonPrimary should render correctly 1`] = `
<ButtonBase
  iconName="BankFilled"
  label="Click me!"
  labelColor="#FCFCFC"
  onPress={[Function]}
  onPressIn={[Function]}
  onPressOut={[Function]}
  size="40"
  style={
    Object {
      "backgroundColor": "#0376C9",
    }
  }
/>
`;
