// Jest Snapshot v1, https://goo.gl/fbAQLP

exports[`AddCustomToken should render correctly 1`] = `
<View
  style={
    Object {
      "backgroundColor": "#FFFFFF",
      "flex": 1,
    }
  }
  testID="add-custom-token-screen"
>
  <ActionView
    cancelTestID="add-custom-asset-cancel-button"
    cancelText="CANCEL"
    confirmButtonMode="normal"
    confirmDisabled={true}
    confirmTestID="add-custom-asset-confirm-button"
    confirmText="IMPORT"
    confirmed={false}
    onCancelPress={[Function]}
    onConfirmPress={[Function]}
    showCancelButton={true}
    showConfirmButton={true}
    testID="add-asset-cancel-button"
  >
    <View>
      <Alert
        renderIcon={[Function]}
        style={
          Object {
            "marginHorizontal": 20,
            "marginTop": 20,
          }
        }
        type="Info"
      >
        <Text
          style={
            Object {
              "color": "#24272A",
            }
          }
        >
          Token detection is not available on this network yet. Please import token manually and make sure you trust it. Learn about 
        </Text>
        <Text
          onPress={[Function]}
          style={
            Object {
              "color": "#0376C9",
            }
          }
          suppressHighlighting={true}
        >
          token scams and security risks.
        </Text>
      </Alert>
      <View
        style={
          Object {
            "padding": 20,
          }
        }
      >
        <Text
          style={
            Object {
              "color": "#24272A",
              "fontFamily": "EuclidCircularB-Regular",
              "fontWeight": "400",
            }
          }
        >
          Token Address
        </Text>
        <TextInput
          keyboardAppearance="light"
          onBlur={[Function]}
          onChangeText={[Function]}
          onSubmitEditing={[Function]}
          placeholder="0x..."
          placeholderTextColor="#BBC0C5"
          returnKeyType="next"
          style={
            Object {
              "borderColor": "#BBC0C5",
              "borderRadius": 4,
              "borderWidth": 1,
              "color": "#24272A",
              "fontFamily": "EuclidCircularB-Regular",
              "fontWeight": "400",
              "padding": 16,
            }
          }
          testID="input-token-address"
          value=""
        />
        <Text
          style={
            Object {
              "color": "#D73847",
              "fontFamily": "EuclidCircularB-Regular",
              "fontWeight": "400",
              "marginTop": 15,
            }
          }
          testID="token-address-warning"
        />
      </View>
      <View
        style={
          Object {
            "padding": 20,
          }
        }
      >
        <Text
          style={
            Object {
              "color": "#24272A",
              "fontFamily": "EuclidCircularB-Regular",
              "fontWeight": "400",
            }
          }
        >
          Token Symbol
        </Text>
        <TextInput
          keyboardAppearance="light"
          onBlur={[Function]}
          onChangeText={[Function]}
          onSubmitEditing={[Function]}
          placeholder="GNO"
          placeholderTextColor="#BBC0C5"
          returnKeyType="next"
          style={
            Object {
              "borderColor": "#BBC0C5",
              "borderRadius": 4,
              "borderWidth": 1,
              "color": "#24272A",
              "fontFamily": "EuclidCircularB-Regular",
              "fontWeight": "400",
              "padding": 16,
            }
          }
          testID="input-token-symbol"
          value=""
        />
        <Text
          style={
            Object {
              "color": "#D73847",
              "fontFamily": "EuclidCircularB-Regular",
              "fontWeight": "400",
              "marginTop": 15,
            }
          }
        />
      </View>
      <View
        style={
          Object {
            "padding": 20,
          }
        }
      >
        <Text
          style={
            Object {
              "color": "#24272A",
              "fontFamily": "EuclidCircularB-Regular",
              "fontWeight": "400",
            }
          }
        >
          Token Decimal
        </Text>
        <TextInput
          keyboardAppearance="light"
          keyboardType="numeric"
          maxLength={2}
          onBlur={[Function]}
          onChangeText={[Function]}
          onSubmitEditing={[Function]}
          placeholder="18"
          placeholderTextColor="#BBC0C5"
          returnKeyType="done"
          style={
            Object {
              "borderColor": "#BBC0C5",
              "borderRadius": 4,
              "borderWidth": 1,
              "color": "#24272A",
              "fontFamily": "EuclidCircularB-Regular",
              "fontWeight": "400",
              "padding": 16,
            }
          }
          testID="input-token-decimals"
          value=""
        />
        <Text
          style={
            Object {
              "color": "#D73847",
              "fontFamily": "EuclidCircularB-Regular",
              "fontWeight": "400",
              "marginTop": 15,
            }
          }
          testID="token-decimals-warning"
        />
      </View>
    </View>
  </ActionView>
</View>
`;
