// Jest Snapshot v1, https://goo.gl/fbAQLP

exports[`DeleteMetamaskAccountData renders match snapshot 1`] = `
<View
  style={
    {
      "marginTop": 32,
    }
  }
>
  <Text
    accessibilityRole="text"
    style={
      {
        "color": "#121314",
        "fontFamily": "Geist Medium",
        "fontSize": 18,
        "letterSpacing": 0,
        "lineHeight": 24,
      }
    }
  >
    Delete MetaMask account data
  </Text>
  <Text
    accessibilityRole="text"
    style={
      {
        "color": "#686e7d",
        "fontFamily": "Geist Regular",
        "fontSize": 16,
        "letterSpacing": 0,
        "lineHeight": 24,
        "marginTop": 8,
      }
    }
  >
    <Text
      accessibilityRole="text"
      style={
        {
          "color": "#686e7d",
          "fontFamily": "Geist Regular",
          "fontSize": 16,
          "letterSpacing": 0,
          "lineHeight": 24,
        }
      }
    >
      This will delete historical Metamask account data associated with your use across different devices. This process may take up to 30 days.
    </Text>
     
    <Text
      accessibilityRole="link"
      accessible={true}
      onPress={[Function]}
      onPressIn={[Function]}
      onPressOut={[Function]}
      style={
        {
          "backgroundColor": "transparent",
          "color": "#121314",
          "fontFamily": "Geist Regular",
          "fontSize": 16,
          "letterSpacing": 0,
          "lineHeight": 24,
        }
      }
      suppressHighlighting={true}
    >
      <Text
        accessibilityRole="text"
        style={
          {
            "color": "#4459ff",
            "fontFamily": "Geist Medium",
            "fontSize": 16,
            "letterSpacing": 0,
            "lineHeight": 24,
          }
        }
      >
        View our Privacy policy.
      </Text>
    </Text>
  </Text>
  <View
    style={
      {
        "marginTop": 16,
      }
    }
  >
    <TouchableOpacity
      accessibilityRole="button"
      accessible={true}
      activeOpacity={1}
      onPress={[Function]}
      onPressIn={[Function]}
      onPressOut={[Function]}
      style={
        {
          "alignItems": "center",
          "alignSelf": "stretch",
          "backgroundColor": "#3c4d9d0f",
          "borderColor": "transparent",
          "borderRadius": 12,
          "borderWidth": 1,
          "flexDirection": "row",
          "height": 48,
          "justifyContent": "center",
          "overflow": "hidden",
          "paddingHorizontal": 16,
        }
      }
      testID="delete-metamask-account-data-button"
    >
      <Text
        accessibilityRole="text"
        style={
          {
            "color": "#121314",
            "fontFamily": "Geist Medium",
            "fontSize": 16,
            "letterSpacing": 0,
            "lineHeight": 24,
          }
        }
      >
        Delete account data
      </Text>
    </TouchableOpacity>
  </View>
</View>
`;
