// Jest Snapshot v1, https://goo.gl/fbAQLP

exports[`SlippageSlider should render correctly 1`] = `
<View
  onLayout={[Function]}
  style={
    Array [
      Object {
        "height": 69,
        "justifyContent": "center",
        "position": "relative",
      },
      undefined,
    ]
  }
>
  <View
    onLayout={[Function]}
    style={
      Array [
        Object {
          "bottom": 10.5,
          "paddingHorizontal": 11,
          "position": "absolute",
        },
        Object {
          "width": 0,
        },
      ]
    }
  >
    <View
      style={
        Object {
          "alignItems": "center",
          "backgroundColor": "#eaf6ff",
          "borderColor": "#eaf6ff",
          "borderRadius": 9,
          "borderWidth": 2,
          "flexDirection": "row",
          "height": 9,
          "justifyContent": "space-between",
        }
      }
    >
      <View
        key="0"
        style={
          Object {
            "backgroundColor": "#037DD6",
            "borderRadius": 5,
            "height": 5,
            "opacity": 0.5,
            "width": 5,
          }
        }
      />
      <View
        key="1"
        style={
          Object {
            "backgroundColor": "#037DD6",
            "borderRadius": 5,
            "height": 5,
            "opacity": 0.5,
            "width": 5,
          }
        }
      />
      <View
        key="2"
        style={
          Object {
            "backgroundColor": "#037DD6",
            "borderRadius": 5,
            "height": 5,
            "opacity": 0.5,
            "width": 5,
          }
        }
      />
      <View
        key="3"
        style={
          Object {
            "backgroundColor": "#037DD6",
            "borderRadius": 5,
            "height": 5,
            "opacity": 0.5,
            "width": 5,
          }
        }
      />
      <View
        key="4"
        style={
          Object {
            "backgroundColor": "#037DD6",
            "borderRadius": 5,
            "height": 5,
            "opacity": 0.5,
            "width": 5,
          }
        }
      />
    </View>
  </View>
  <ForwardRef(AnimatedComponentWrapper)
    style={
      Array [
        Object {
          "borderRadius": 9,
          "bottom": 10.5,
          "height": 9,
          "left": 11,
          "overflow": "hidden",
          "position": "absolute",
        },
        Object {
          "width": 15,
        },
      ]
    }
  >
    <Image
      resizeMode="stretch"
      source={
        Object {
          "testUri": "../../../app/images/slippage-slider-bg.png",
        }
      }
      style={
        Object {
          "width": 0,
        }
      }
    />
  </ForwardRef(AnimatedComponentWrapper)>
  <ForwardRef(AnimatedComponentWrapper)
    onLayout={[Function]}
    style={
      Array [
        Object {
          "alignItems": "center",
          "backgroundColor": "#3C3F42",
          "borderRadius": 8,
          "justifyContent": "center",
          "minHeight": 29,
          "minWidth": 40,
          "padding": 5,
          "position": "absolute",
          "top": 0,
        },
        Object {
          "left": 15,
        },
      ]
    }
  >
    <View
      style={
        Array [
          Object {
            "backgroundColor": "#3C3F42",
            "bottom": -5,
            "height": 10,
            "left": 0,
            "position": "absolute",
            "right": 0,
            "transform": Array [
              Object {
                "rotate": "45deg",
              },
            ],
            "width": 10,
          },
          Object {
            "left": -5,
          },
        ]
      }
    />
    <Text
      style={
        Object {
          "color": "#FFFFFF",
          "fontFamily": "EuclidCircularB-Regular",
          "fontSize": 12,
          "fontWeight": "400",
        }
      }
    >
      undefined%
    </Text>
  </ForwardRef(AnimatedComponentWrapper)>
  <ForwardRef(AnimatedComponentWrapper)
    onMoveShouldSetResponder={[Function]}
    onMoveShouldSetResponderCapture={[Function]}
    onResponderEnd={[Function]}
    onResponderGrant={[Function]}
    onResponderMove={[Function]}
    onResponderReject={[Function]}
    onResponderRelease={[Function]}
    onResponderStart={[Function]}
    onResponderTerminate={[Function]}
    onResponderTerminationRequest={[Function]}
    onStartShouldSetResponder={[Function]}
    onStartShouldSetResponderCapture={[Function]}
    style={
      Array [
        Object {
          "borderColor": "#FFFFFF",
          "borderRadius": 30,
          "borderWidth": 1,
          "bottom": 0,
          "height": 30,
          "position": "absolute",
          "shadowColor": "#24292E",
          "shadowOffset": Object {
            "height": 0,
            "width": 0,
          },
          "shadowOpacity": 0.18,
          "shadowRadius": 14,
          "width": 30,
        },
        Object {
          "backgroundColor": "rgba(3, 125, 214, 1)",
          "left": 0,
        },
      ]
    }
  />
</View>
`;
