// Jest Snapshot v1, https://goo.gl/fbAQLP

exports[`AssetElement should render correctly 1`] = `
<TouchableOpacity
  activeOpacity={0.2}
  onLongPress={[Function]}
  onPress={[Function]}
  style={
    Object {
      "borderBottomColor": "#CCCCCC",
      "borderBottomWidth": 0.5,
      "flex": 1,
      "flexDirection": "row",
      "paddingHorizontal": 15,
      "paddingVertical": 10,
    }
  }
>
  <View
    styles={
      Object {
        "alignSelf": "flex-end",
        "flex": 1,
      }
    }
  >
    <Icon
      allowFontScaling={false}
      color="#AAAAAA"
      name="ios-arrow-forward"
      size={24}
      style={
        Object {
          "marginTop": 16,
        }
      }
    />
  </View>
</TouchableOpacity>
`;
