// Jest Snapshot v1, https://goo.gl/fbAQLP

exports[`CollectibleMedia should render correctly 1`] = `
<View
  style={
    {
      "backgroundColor": "#red",
      "borderRadius": 12,
      "flex": 0,
    }
  }
>
  <View
    useNativeDriver={true}
  >
    <Image
      fadeIn={true}
      onError={[Function]}
      onLoadEnd={[Function]}
      resizeMode="contain"
      source={
        {
          "uri": "IMAGE",
        }
      }
      style={
        [
          {
            "borderRadius": 12,
          },
          undefined,
          undefined,
          undefined,
          undefined,
          undefined,
        ]
      }
      testID="nft-image"
    />
    <View
      collapsable={false}
      style={
        {
          "bottom": 0,
          "left": 0,
          "opacity": 1,
          "position": "absolute",
          "right": 0,
          "top": 0,
        }
      }
    >
      <View
        style={
          [
            {
              "borderRadius": 12,
            },
            {
              "backgroundColor": "#eee",
            },
            undefined,
          ]
        }
      />
    </View>
  </View>
</View>
`;
