// Jest Snapshot v1, https://goo.gl/fbAQLP

exports[`SignatureRequest should render correctly 1`] = `
<View
  style={
    Array [
      Object {
        "backgroundColor": "#FFFFFF",
        "borderTopLeftRadius": 20,
        "borderTopRightRadius": 20,
        "minHeight": "72%",
        "paddingBottom": 20,
        "paddingTop": 24,
      },
      undefined,
    ]
  }
>
  <Connect(TransactionHeader)
    currentPageInformation={
      Object {
        "title": "title",
        "url": "url",
      }
    }
  />
  <View
    style={
      Object {
        "alignItems": "center",
        "marginVertical": 24,
      }
    }
  >
    <Text
      style={
        Object {
          "fontFamily": "EuclidCircularB-Bold",
          "fontSize": 20,
          "fontWeight": "600",
          "textAlign": "center",
        }
      }
    >
      Sign this message?
    </Text>
  </View>
  <ActionView
    cancelTestID="request-signature-cancel-button"
    cancelText="Cancel"
    confirmButtonMode="sign"
    confirmTestID="request-signature-confirm-button"
    confirmText="Sign"
    confirmed={false}
    onCancelPress={[Function]}
    onConfirmPress={[Function]}
    showCancelButton={true}
    showConfirmButton={true}
  >
    <View
      style={
        Object {
          "paddingHorizontal": 24,
        }
      }
    >
      <View
        style={
          Object {
            "marginBottom": 20,
            "width": "100%",
          }
        }
      >
        <Connect(AccountInfoCard)
          operation="signing"
        />
      </View>
      <TouchableOpacity
        onPress={null}
        style={
          Object {
            "alignSelf": "center",
            "borderColor": "#bbc0c5",
            "borderRadius": 10,
            "borderWidth": 1,
            "flexDirection": "row",
            "justifyContent": "flex-start",
            "padding": 16,
            "width": "100%",
          }
        }
      >
        <WebsiteIcon
          style={
            Object {
              "borderRadius": 20,
              "height": 40,
              "marginRight": 8,
              "width": 40,
            }
          }
          title="url"
          url="url"
        />
        <View
          style={
            Object {
              "justifyContent": "space-between",
              "width": "75%",
            }
          }
        >
          <Text
            style={
              Object {
                "fontFamily": "EuclidCircularB-Bold",
                "fontSize": 16,
                "fontWeight": "600",
                "marginBottom": 4,
              }
            }
          >
            Message
            :
          </Text>
        </View>
        <View
          style={
            Object {
              "alignItems": "flex-end",
              "flexGrow": 1,
            }
          }
        />
      </TouchableOpacity>
    </View>
  </ActionView>
</View>
`;
