// Jest Snapshot v1, https://goo.gl/fbAQLP

exports[`ApproveTransactionModal render matches snapshot 1`] = `
<View
  style={
    {
      "flex": 1,
    }
  }
>
  <RNCSafeAreaProvider
    onInsetsChange={[Function]}
    style={
      [
        {
          "flex": 1,
        },
        undefined,
      ]
    }
  >
    <View
      collapsable={false}
      pointerEvents="box-none"
      style={
        {
          "zIndex": 1,
        }
      }
    >
      <View
        accessibilityElementsHidden={false}
        importantForAccessibility="auto"
        onLayout={[Function]}
        pointerEvents="box-none"
        style={null}
      >
        <View
          collapsable={false}
          pointerEvents="box-none"
          style={
            {
              "bottom": 0,
              "left": 0,
              "opacity": 1,
              "position": "absolute",
              "right": 0,
              "top": 0,
              "zIndex": 0,
            }
          }
        >
          <View
            collapsable={false}
            style={
              {
                "backgroundColor": "rgb(255, 255, 255)",
                "borderBottomColor": "rgb(216, 216, 216)",
                "flex": 1,
                "shadowColor": "rgb(216, 216, 216)",
                "shadowOffset": {
                  "height": 0.5,
                  "width": 0,
                },
                "shadowOpacity": 0.85,
                "shadowRadius": 0,
              }
            }
          />
        </View>
        <View
          collapsable={false}
          pointerEvents="box-none"
          style={
            {
              "height": 64,
              "maxHeight": undefined,
              "minHeight": undefined,
              "opacity": undefined,
              "transform": undefined,
            }
          }
        >
          <View
            pointerEvents="none"
            style={
              {
                "height": 20,
              }
            }
          />
          <View
            pointerEvents="box-none"
            style={
              {
                "alignItems": "center",
                "flex": 1,
                "flexDirection": "row",
                "justifyContent": "center",
              }
            }
          >
            <View
              collapsable={false}
              pointerEvents="box-none"
              style={
                {
                  "marginHorizontal": 16,
                  "opacity": 1,
                }
              }
            >
              <Text
                accessibilityRole="header"
                aria-level="1"
                collapsable={false}
                numberOfLines={1}
                onLayout={[Function]}
                style={
                  {
                    "color": "rgb(28, 28, 30)",
                    "fontSize": 17,
                    "fontWeight": "600",
                  }
                }
              >
                Approve
              </Text>
            </View>
          </View>
        </View>
      </View>
    </View>
    <RNSScreenContainer
      onLayout={[Function]}
      style={
        {
          "flex": 1,
        }
      }
    >
      <RNSScreen
        activityState={2}
        collapsable={false}
        gestureResponseDistance={
          {
            "bottom": -1,
            "end": -1,
            "start": -1,
            "top": -1,
          }
        }
        onGestureCancel={[Function]}
        pointerEvents="box-none"
        sheetAllowedDetents="large"
        sheetCornerRadius={-1}
        sheetExpandsWhenScrolledToEdge={true}
        sheetGrabberVisible={false}
        sheetLargestUndimmedDetent="all"
        style={
          {
            "bottom": 0,
            "left": 0,
            "position": "absolute",
            "right": 0,
            "top": 0,
            "zIndex": undefined,
          }
        }
      >
        <View
          collapsable={false}
          style={
            {
              "opacity": 1,
            }
          }
        />
        <View
          accessibilityElementsHidden={false}
          closing={false}
          gestureVelocityImpact={0.3}
          importantForAccessibility="auto"
          onClose={[Function]}
          onGestureBegin={[Function]}
          onGestureCanceled={[Function]}
          onGestureEnd={[Function]}
          onOpen={[Function]}
          onTransition={[Function]}
          pointerEvents="box-none"
          style={
            [
              {
                "overflow": undefined,
              },
              {
                "bottom": 0,
                "left": 0,
                "position": "absolute",
                "right": 0,
                "top": 0,
              },
            ]
          }
          transitionSpec={
            {
              "close": {
                "animation": "spring",
                "config": {
                  "damping": 500,
                  "mass": 3,
                  "overshootClamping": true,
                  "restDisplacementThreshold": 10,
                  "restSpeedThreshold": 10,
                  "stiffness": 1000,
                },
              },
              "open": {
                "animation": "spring",
                "config": {
                  "damping": 500,
                  "mass": 3,
                  "overshootClamping": true,
                  "restDisplacementThreshold": 10,
                  "restSpeedThreshold": 10,
                  "stiffness": 1000,
                },
              },
            }
          }
        >
          <View
            collapsable={false}
            needsOffscreenAlphaCompositing={false}
            pointerEvents="box-none"
            style={
              {
                "flex": 1,
              }
            }
          >
            <View
              collapsable={false}
              onGestureHandlerEvent={[Function]}
              onGestureHandlerStateChange={[Function]}
              style={
                {
                  "flex": 1,
                  "transform": [
                    {
                      "translateX": 0,
                    },
                    {
                      "translateX": 0,
                    },
                  ],
                }
              }
            >
              <View
                collapsable={false}
                pointerEvents="none"
                style={
                  {
                    "backgroundColor": "rgb(242, 242, 242)",
                    "bottom": 0,
                    "left": 0,
                    "position": "absolute",
                    "shadowColor": "#000",
                    "shadowOffset": {
                      "height": 1,
                      "width": -1,
                    },
                    "shadowOpacity": 0.3,
                    "shadowRadius": 5,
                    "top": 0,
                    "width": 3,
                  }
                }
              />
              <View
                style={
                  [
                    {
                      "flex": 1,
                      "overflow": "hidden",
                    },
                    [
                      {
                        "backgroundColor": "rgb(242, 242, 242)",
                      },
                      undefined,
                    ],
                  ]
                }
              >
                <View
                  style={
                    {
                      "flex": 1,
                      "flexDirection": "column-reverse",
                    }
                  }
                >
                  <View
                    style={
                      {
                        "flex": 1,
                      }
                    }
                  >
                    <View>
                      <View
                        style={
                          {
                            "minWidth": "100%",
                            "paddingVertical": 10,
                            "width": "100%",
                          }
                        }
                      >
                        <View
                          style={
                            {
                              "height": 550,
                            }
                          }
                        >
                          <View
                            style={
                              [
                                {
                                  "flex": 1,
                                },
                                {
                                  "flex": 1,
                                  "flexDirection": "column",
                                  "height": "100%",
                                },
                              ]
                            }
                          >
                            <RCTScrollView
                              automaticallyAdjustContentInsets={false}
                              contentInset={
                                {
                                  "bottom": 0,
                                }
                              }
                              enableAutomaticScroll={true}
                              enableOnAndroid={false}
                              enableResetScrollToCoords={true}
                              extraHeight={75}
                              extraScrollHeight={0}
                              getScrollResponder={[Function]}
                              handleOnScroll={[Function]}
                              keyboardDismissMode="interactive"
                              keyboardOpeningTime={250}
                              keyboardShouldPersistTaps="never"
                              keyboardSpace={0}
                              onScroll={[Function]}
                              resetKeyboardSpace={[Function]}
                              resetScrollToCoords={
                                {
                                  "x": 0,
                                  "y": 0,
                                }
                              }
                              scrollEventThrottle={1}
                              scrollForExtraHeightOnAndroid={[Function]}
                              scrollIntoView={[Function]}
                              scrollToEnd={[Function]}
                              scrollToFocusedInput={[Function]}
                              scrollToPosition={[Function]}
                              showsVerticalScrollIndicator={true}
                              style={
                                [
                                  {
                                    "flex": 1,
                                  },
                                  undefined,
                                  {
                                    "flex": 1,
                                    "flexDirection": "column",
                                    "height": "100%",
                                  },
                                ]
                              }
                              update={[Function]}
                              viewIsInsideTabBar={false}
                            >
                              <View>
                                <View
                                  style={
                                    {
                                      "flex": 1,
                                      "flexDirection": "column",
                                      "justifyContent": "space-between",
                                    }
                                  }
                                >
                                  <View
                                    accessibilityState={
                                      {
                                        "busy": undefined,
                                        "checked": undefined,
                                        "disabled": undefined,
                                        "expanded": undefined,
                                        "selected": undefined,
                                      }
                                    }
                                    accessible={true}
                                    focusable={true}
                                    onClick={[Function]}
                                    onResponderGrant={[Function]}
                                    onResponderMove={[Function]}
                                    onResponderRelease={[Function]}
                                    onResponderTerminate={[Function]}
                                    onResponderTerminationRequest={[Function]}
                                    onStartShouldSetResponder={[Function]}
                                    style={
                                      {
                                        "height": 470,
                                      }
                                    }
                                  >
                                    <RCTScrollView
                                      nestedScrollEnabled={true}
                                    >
                                      <View>
                                        <View
                                          onStartShouldSetResponder={[Function]}
                                          style={
                                            {
                                              "flex": 1,
                                            }
                                          }
                                        >
                                          <Text
                                            accessibilityRole="text"
                                            style={
                                              {
                                                "color": "#121314",
                                                "fontFamily": "CentraNo1-Bold",
                                                "fontSize": 18,
                                                "fontWeight": "600",
                                                "letterSpacing": 0,
                                                "lineHeight": 34,
                                                "marginVertical": 3,
                                                "paddingHorizontal": 16,
                                                "textAlign": "center",
                                              }
                                            }
                                          >
                                            Spending cap request for your
                                          </Text>
                                          <View
                                            style={
                                              {
                                                "alignItems": "center",
                                                "flexDirection": "row",
                                                "justifyContent": "center",
                                              }
                                            }
                                          >
                                            <Text
                                              accessibilityRole="text"
                                              style={
                                                {
                                                  "color": "#121314",
                                                  "fontFamily": "CentraNo1-Bold",
                                                  "fontSize": 18,
                                                  "fontWeight": "700",
                                                  "letterSpacing": 0,
                                                  "lineHeight": 24,
                                                  "textAlign": "center",
                                                }
                                              }
                                            >
                                              token
                                            </Text>
                                          </View>
                                          <Text
                                            accessibilityRole="link"
                                            accessible={true}
                                            onPressIn={[Function]}
                                            onPressOut={[Function]}
                                            style={
                                              {
                                                "backgroundColor": "transparent",
                                                "color": "#4459ff",
                                                "fontFamily": "CentraNo1-Book",
                                                "fontSize": 16,
                                                "fontWeight": "400",
                                                "letterSpacing": 0,
                                                "lineHeight": 22,
                                                "paddingVertical": 16,
                                                "textAlign": "center",
                                              }
                                            }
                                            suppressHighlighting={true}
                                          >
                                            <Text
                                              accessibilityRole="text"
                                              style={
                                                {
                                                  "color": "#4459ff",
                                                  "fontFamily": "CentraNo1-Medium",
                                                  "fontSize": 16,
                                                  "fontWeight": "500",
                                                  "letterSpacing": 0,
                                                  "lineHeight": 24,
                                                }
                                              }
                                            >
                                              Verify third party details
                                            </Text>
                                          </Text>
                                          <View
                                            style={
                                              {
                                                "paddingHorizontal": 16,
                                              }
                                            }
                                          >
                                            <View
                                              style={
                                                {
                                                  "minWidth": "100%",
                                                  "paddingVertical": 10,
                                                  "width": "100%",
                                                }
                                              }
                                            >
                                              <View
                                                style={
                                                  [
                                                    {
                                                      "backgroundColor": "#f3f5f9",
                                                      "borderRadius": 30,
                                                      "padding": 14,
                                                    },
                                                    undefined,
                                                    undefined,
                                                    undefined,
                                                    undefined,
                                                    undefined,
                                                    undefined,
                                                    undefined,
                                                    undefined,
                                                    undefined,
                                                    undefined,
                                                    undefined,
                                                    undefined,
                                                    undefined,
                                                    {
                                                      "height": 50,
                                                    },
                                                  ]
                                                }
                                              />
                                              <TouchableOpacity
                                                onPress={[Function]}
                                                style={
                                                  {
                                                    "alignItems": "center",
                                                    "flexDirection": "column",
                                                  }
                                                }
                                                testID="view-transaction-details"
                                              >
                                                <View
                                                  style={
                                                    {
                                                      "flexDirection": "row",
                                                      "marginTop": 8,
                                                    }
                                                  }
                                                >
                                                  <Text
                                                    accessibilityRole="text"
                                                    reset={true}
                                                    style={
                                                      {
                                                        "color": "#4459ff",
                                                        "fontFamily": "CentraNo1-Book",
                                                        "fontSize": 12,
                                                        "fontWeight": "400",
                                                        "letterSpacing": 0,
                                                        "lineHeight": 16,
                                                        "marginHorizontal": 4,
                                                        "textAlign": "center",
                                                      }
                                                    }
                                                  >
                                                    View transaction details
                                                  </Text>
                                                  <Text
                                                    allowFontScaling={false}
                                                    selectable={false}
                                                    style={
                                                      [
                                                        {
                                                          "color": undefined,
                                                          "fontSize": 16,
                                                        },
                                                        {
                                                          "color": "#686e7d",
                                                        },
                                                        {
                                                          "fontFamily": "Ionicons",
                                                          "fontStyle": "normal",
                                                          "fontWeight": "normal",
                                                        },
                                                        {},
                                                      ]
                                                    }
                                                  >
                                                    
                                                  </Text>
                                                </View>
                                              </TouchableOpacity>
                                            </View>
                                          </View>
                                        </View>
                                      </View>
                                    </RCTScrollView>
                                  </View>
                                  <View
                                    style={
                                      [
                                        {
                                          "columnGap": 8,
                                          "flexDirection": "row",
                                          "marginBottom": 16,
                                          "paddingHorizontal": 16,
                                          "width": "100%",
                                        },
                                        undefined,
                                      ]
                                    }
                                  >
                                    <TouchableOpacity
                                      accessibilityRole="button"
                                      accessible={true}
                                      activeOpacity={1}
                                      disabled={false}
                                      onPress={[Function]}
                                      onPressIn={[Function]}
                                      onPressOut={[Function]}
                                      style={
                                        {
                                          "alignItems": "center",
                                          "alignSelf": "stretch",
                                          "backgroundColor": "transparent",
                                          "borderColor": "#4459ff",
                                          "borderRadius": 12,
                                          "borderWidth": 1,
                                          "flex": 1,
                                          "flexDirection": "row",
                                          "height": 48,
                                          "justifyContent": "center",
                                          "paddingHorizontal": 16,
                                        }
                                      }
                                      testID=""
                                    >
                                      <Text
                                        accessibilityRole="text"
                                        style={
                                          {
                                            "color": "#4459ff",
                                            "fontFamily": "CentraNo1-Medium",
                                            "fontSize": 16,
                                            "fontWeight": "500",
                                            "letterSpacing": 0,
                                            "lineHeight": 24,
                                          }
                                        }
                                      >
                                        Reject
                                      </Text>
                                    </TouchableOpacity>
                                    <TouchableOpacity
                                      accessibilityRole="button"
                                      accessible={true}
                                      activeOpacity={1}
                                      disabled={true}
                                      loading={false}
                                      onPress={[Function]}
                                      onPressIn={[Function]}
                                      onPressOut={[Function]}
                                      style={
                                        {
                                          "alignItems": "center",
                                          "alignSelf": "stretch",
                                          "backgroundColor": "#4459ff",
                                          "borderRadius": 12,
                                          "flex": 1,
                                          "flexDirection": "row",
                                          "height": 48,
                                          "justifyContent": "center",
                                          "opacity": 0.5,
                                          "paddingHorizontal": 16,
                                        }
                                      }
                                      testID="Confirm"
                                    >
                                      <Text
                                        accessibilityRole="text"
                                        style={
                                          {
                                            "color": "#ffffff",
                                            "fontFamily": "CentraNo1-Medium",
                                            "fontSize": 16,
                                            "fontWeight": "500",
                                            "letterSpacing": 0,
                                            "lineHeight": 24,
                                          }
                                        }
                                      >
                                        Approve
                                      </Text>
                                    </TouchableOpacity>
                                  </View>
                                </View>
                              </View>
                            </RCTScrollView>
                          </View>
                        </View>
                      </View>
                    </View>
                  </View>
                </View>
              </View>
            </View>
          </View>
        </View>
      </RNSScreen>
    </RNSScreenContainer>
  </RNCSafeAreaProvider>
</View>
`;
