// Jest Snapshot v1, https://goo.gl/fbAQLP

exports[`SheetActionView should render correctly 1`] = `
<View
  style={
    {
      "flexDirection": "row",
      "padding": 16,
    }
  }
>
  <TouchableOpacity
    accessibilityRole="button"
    accessible={true}
    activeOpacity={1}
    onPress={[Function]}
    onPressIn={[Function]}
    onPressOut={[Function]}
    style={
      {
        "alignItems": "center",
        "alignSelf": "flex-start",
        "backgroundColor": "transparent",
        "borderColor": "#0376C9",
        "borderRadius": 24,
        "borderWidth": 1,
        "flex": 1,
        "flexDirection": "row",
        "height": 48,
        "justifyContent": "center",
        "marginRight": 8,
        "paddingHorizontal": 16,
      }
    }
    variant="Secondary"
  >
    <Text
      accessibilityRole="text"
      style={
        {
          "color": "#0376C9",
          "fontFamily": "Euclid Circular B",
          "fontSize": 14,
          "fontWeight": "400",
          "letterSpacing": 0,
          "lineHeight": 22,
        }
      }
    >
      Cancel
    </Text>
  </TouchableOpacity>
  <TouchableOpacity
    accessibilityRole="button"
    accessible={true}
    activeOpacity={1}
    onPress={[Function]}
    onPressIn={[Function]}
    onPressOut={[Function]}
    style={
      {
        "alignItems": "center",
        "alignSelf": "flex-start",
        "backgroundColor": "#0376C9",
        "borderRadius": 24,
        "flex": 1,
        "flexDirection": "row",
        "height": 48,
        "justifyContent": "center",
        "marginLeft": 8,
        "paddingHorizontal": 16,
      }
    }
    variant="Primary"
  >
    <Text
      accessibilityRole="text"
      style={
        {
          "color": "#FFFFFF",
          "fontFamily": "Euclid Circular B",
          "fontSize": 14,
          "fontWeight": "400",
          "letterSpacing": 0,
          "lineHeight": 22,
        }
      }
    >
      Confirm
    </Text>
  </TouchableOpacity>
</View>
`;
