// Jest Snapshot v1, https://goo.gl/fbAQLP

exports[`TransactionReviewData should render correctly 1`] = `
<View
  style={
    Array [
      Object {
        "paddingBottom": 48,
        "paddingHorizontal": 24,
        "paddingTop": 24,
      },
      Object {
        "height": undefined,
      },
    ]
  }
>
  <View
    style={
      Object {
        "alignItems": "center",
        "flexDirection": "row",
        "justifyContent": "space-between",
        "marginBottom": 28,
        "width": "100%",
      }
    }
  >
    <TouchableOpacity>
      <Icon
        allowFontScaling={false}
        color="#24292E"
        name="ios-arrow-back"
        size={24}
      />
    </TouchableOpacity>
    <Text
      style={
        Object {
          "alignSelf": "center",
          "color": "#24292E",
          "fontFamily": "EuclidCircularB-Bold",
          "fontSize": 14,
          "fontWeight": "600",
        }
      }
    >
      Data
    </Text>
    <Icon
      allowFontScaling={false}
      color="#FFFFFF"
      name="ios-arrow-back"
      size={24}
    />
  </View>
  <Text
    style={
      Object {
        "color": "#24292E",
        "fontFamily": "EuclidCircularB-Regular",
        "fontSize": 14,
        "fontWeight": "400",
        "marginBottom": 28,
        "textAlign": "center",
      }
    }
  >
    Data associated with this transaction
  </Text>
  <View
    style={
      Object {
        "borderColor": "#bbc0c5",
        "borderRadius": 8,
        "borderWidth": 1,
        "flex": 1,
        "padding": 12,
      }
    }
  >
    <View
      style={
        Object {
          "flexDirection": "row",
          "justifyContent": "flex-start",
          "marginBottom": 12,
        }
      }
    >
      <Text
        style={
          Array [
            Object {
              "color": "#24292E",
              "fontFamily": "EuclidCircularB-Regular",
              "fontSize": 14,
              "fontWeight": "400",
            },
            Object {
              "fontFamily": "EuclidCircularB-Bold",
              "fontWeight": "600",
            },
          ]
        }
      >
        Function
        :
         
      </Text>
      <Text
        style={
          Object {
            "color": "#24292E",
            "fontFamily": "EuclidCircularB-Regular",
            "fontSize": 14,
            "fontWeight": "400",
          }
        }
      />
    </View>
    <Text
      style={
        Array [
          Object {
            "color": "#24292E",
            "fontFamily": "EuclidCircularB-Regular",
            "fontSize": 14,
            "fontWeight": "400",
          },
          Object {
            "fontFamily": "EuclidCircularB-Bold",
            "fontWeight": "600",
          },
        ]
      }
    >
      Hex data
      : 
    </Text>
    <View
      style={
        Object {
          "flex": 1,
        }
      }
    >
      <KeyboardAwareScrollView
        enableAutomaticScroll={true}
        enableOnAndroid={false}
        enableResetScrollToCoords={true}
        extraHeight={75}
        extraScrollHeight={0}
        keyboardOpeningTime={250}
        style={
          Object {
            "flex": 1,
          }
        }
        viewIsInsideTabBar={false}
      >
        <TouchableWithoutFeedback
          style={
            Object {
              "flex": 1,
            }
          }
        >
          <Text
            style={
              Object {
                "backgroundColor": "#FFFFFF",
                "color": "#24292E",
                "fontFamily": "EuclidCircularB-Regular",
                "fontSize": 14,
                "fontWeight": "400",
                "paddingTop": 0,
              }
            }
          />
        </TouchableWithoutFeedback>
      </KeyboardAwareScrollView>
    </View>
  </View>
</View>
`;
