// Jest Snapshot v1, https://goo.gl/fbAQLP

exports[`AddAsset should render correctly 1`] = `
<Component
  style={
    Object {
      "backgroundColor": "#dfe4ea",
      "flex": 1,
    }
  }
  testID="add-asset-screen"
>
  <ScrollableTabView
    contentProps={Object {}}
    initialPage={0}
    locked={false}
    onChangeTab={[Function]}
    onScroll={[Function]}
    page={-1}
    prerenderingSiblingsNumber={0}
    renderTabBar={[Function]}
    scrollWithoutAnimation={false}
    tabBarPosition="top"
  >
    <SearchAssetAutocomplete
      tabLabel="SEARCH"
      testID="tab-search-token"
    />
    <AddCustomAsset
      tabLabel="CUSTOM TOKEN"
      testID="tab-add-custom-token"
    />
  </ScrollableTabView>
</Component>
`;
