// Jest Snapshot v1, https://goo.gl/fbAQLP

exports[`QuickActionButtons preserves button keys when provided 1`] = `
<View
  style={
    [
      {
        "display": "flex",
        "gap": 12,
      },
      undefined,
    ]
  }
>
  <View
    style={
      [
        {
          "display": "flex",
          "flexDirection": "row",
          "gap": 12,
          "justifyContent": "space-between",
        },
        undefined,
      ]
    }
  >
    <View
      style={
        [
          {
            "display": "flex",
            "flexBasis": "0%",
            "flexGrow": 1,
            "flexShrink": 1,
          },
          undefined,
        ]
      }
    >
      <View
        style={
          [
            {
              "transform": [
                {
                  "scale": 1,
                },
              ],
            },
            {
              "alignItems": "center",
              "justifyContent": "center",
            },
          ]
        }
      >
        <View
          accessibilityLabel="Button 1"
          accessibilityRole="button"
          accessibilityState={
            {
              "busy": undefined,
              "checked": undefined,
              "disabled": false,
              "expanded": undefined,
              "selected": undefined,
            }
          }
          accessibilityValue={
            {
              "max": undefined,
              "min": undefined,
              "now": undefined,
              "text": undefined,
            }
          }
          accessible={true}
          collapsable={false}
          focusable={true}
          onBlur={[Function]}
          onClick={[Function]}
          onFocus={[Function]}
          onResponderGrant={[Function]}
          onResponderMove={[Function]}
          onResponderRelease={[Function]}
          onResponderTerminate={[Function]}
          onResponderTerminationRequest={[Function]}
          onStartShouldSetResponder={[Function]}
          style={
            [
              {
                "alignItems": "center",
                "backgroundColor": "#3c4d9d0f",
                "borderColor": "transparent",
                "borderRadius": 12,
                "borderWidth": 1,
                "flexDirection": "row",
                "height": 48,
                "justifyContent": "center",
                "minWidth": 0,
                "opacity": 1,
                "overflow": "hidden",
                "paddingLeft": 8,
                "paddingRight": 8,
                "width": "100%",
              },
            ]
          }
        >
          <View
            style={
              {
                "alignItems": "center",
                "bottom": 0,
                "display": "flex",
                "justifyContent": "center",
                "left": 0,
                "opacity": 0,
                "position": "absolute",
                "right": 0,
                "top": 0,
              }
            }
            testID="spinner-container"
          >
            <View
              style={
                [
                  {
                    "alignItems": "center",
                    "columnGap": 8,
                    "flexDirection": "row",
                  },
                  undefined,
                ]
              }
              testID="spinner"
            >
              <View
                style={
                  [
                    {
                      "transform": [
                        {
                          "rotate": "0deg",
                        },
                      ],
                    },
                  ]
                }
                testID="spinner-animated-view"
              >
                <SvgMock
                  fill="currentColor"
                  name="Loading"
                  style={
                    [
                      {
                        "color": "#121314",
                        "height": 20,
                        "width": 20,
                      },
                      undefined,
                    ]
                  }
                  testID="spinner-icon"
                />
              </View>
            </View>
          </View>
          <View
            style={
              {
                "alignItems": "center",
                "columnGap": 8,
                "flexDirection": "row",
                "justifyContent": "center",
                "opacity": 1,
              }
            }
            testID="content-container"
          >
            <Text
              accessibilityRole="text"
              ellipsizeMode="clip"
              numberOfLines={1}
              style={
                [
                  {
                    "color": "#121314",
                    "flexGrow": 0,
                    "flexShrink": 1,
                    "flexWrap": "wrap",
                    "fontFamily": "Geist Medium",
                    "fontSize": 16,
                    "fontWeight": 400,
                    "letterSpacing": 0,
                    "lineHeight": 24,
                    "textAlign": "center",
                  },
                  undefined,
                ]
              }
            >
              Button 1
            </Text>
          </View>
        </View>
      </View>
    </View>
    <View
      style={
        [
          {
            "display": "flex",
            "flexBasis": "0%",
            "flexGrow": 1,
            "flexShrink": 1,
          },
          undefined,
        ]
      }
    >
      <View
        style={
          [
            {
              "transform": [
                {
                  "scale": 1,
                },
              ],
            },
            {
              "alignItems": "center",
              "justifyContent": "center",
            },
          ]
        }
      >
        <View
          accessibilityLabel="Button 2"
          accessibilityRole="button"
          accessibilityState={
            {
              "busy": undefined,
              "checked": undefined,
              "disabled": false,
              "expanded": undefined,
              "selected": undefined,
            }
          }
          accessibilityValue={
            {
              "max": undefined,
              "min": undefined,
              "now": undefined,
              "text": undefined,
            }
          }
          accessible={true}
          collapsable={false}
          focusable={true}
          onBlur={[Function]}
          onClick={[Function]}
          onFocus={[Function]}
          onResponderGrant={[Function]}
          onResponderMove={[Function]}
          onResponderRelease={[Function]}
          onResponderTerminate={[Function]}
          onResponderTerminationRequest={[Function]}
          onStartShouldSetResponder={[Function]}
          style={
            [
              {
                "alignItems": "center",
                "backgroundColor": "#3c4d9d0f",
                "borderColor": "transparent",
                "borderRadius": 12,
                "borderWidth": 1,
                "flexDirection": "row",
                "height": 48,
                "justifyContent": "center",
                "minWidth": 0,
                "opacity": 1,
                "overflow": "hidden",
                "paddingLeft": 8,
                "paddingRight": 8,
                "width": "100%",
              },
            ]
          }
        >
          <View
            style={
              {
                "alignItems": "center",
                "bottom": 0,
                "display": "flex",
                "justifyContent": "center",
                "left": 0,
                "opacity": 0,
                "position": "absolute",
                "right": 0,
                "top": 0,
              }
            }
            testID="spinner-container"
          >
            <View
              style={
                [
                  {
                    "alignItems": "center",
                    "columnGap": 8,
                    "flexDirection": "row",
                  },
                  undefined,
                ]
              }
              testID="spinner"
            >
              <View
                style={
                  [
                    {
                      "transform": [
                        {
                          "rotate": "0deg",
                        },
                      ],
                    },
                  ]
                }
                testID="spinner-animated-view"
              >
                <SvgMock
                  fill="currentColor"
                  name="Loading"
                  style={
                    [
                      {
                        "color": "#121314",
                        "height": 20,
                        "width": 20,
                      },
                      undefined,
                    ]
                  }
                  testID="spinner-icon"
                />
              </View>
            </View>
          </View>
          <View
            style={
              {
                "alignItems": "center",
                "columnGap": 8,
                "flexDirection": "row",
                "justifyContent": "center",
                "opacity": 1,
              }
            }
            testID="content-container"
          >
            <Text
              accessibilityRole="text"
              ellipsizeMode="clip"
              numberOfLines={1}
              style={
                [
                  {
                    "color": "#121314",
                    "flexGrow": 0,
                    "flexShrink": 1,
                    "flexWrap": "wrap",
                    "fontFamily": "Geist Medium",
                    "fontSize": 16,
                    "fontWeight": 400,
                    "letterSpacing": 0,
                    "lineHeight": 24,
                    "textAlign": "center",
                  },
                  undefined,
                ]
              }
            >
              Button 2
            </Text>
          </View>
        </View>
      </View>
    </View>
    <View
      style={
        [
          {
            "display": "flex",
            "flexBasis": "0%",
            "flexGrow": 1,
            "flexShrink": 1,
          },
          undefined,
        ]
      }
    />
    <View
      style={
        [
          {
            "display": "flex",
            "flexBasis": "0%",
            "flexGrow": 1,
            "flexShrink": 1,
          },
          undefined,
        ]
      }
    />
  </View>
</View>
`;
