// Jest Snapshot v1, https://goo.gl/fbAQLP

exports[`AssetDetails renders correctly 1`] = `
<RCTScrollView
  contentContainerStyle={
    {
      "alignItems": "flex-start",
      "backgroundColor": "#ffffff",
      "padding": 16,
    }
  }
>
  <View>
    <Text
      style={
        [
          {
            "color": "#141618",
            "fontFamily": "EuclidCircularB-Bold",
            "fontSize": 16,
            "fontWeight": "600",
            "marginTop": 32,
          },
          {
            "marginTop": 8,
          },
        ]
      }
    >
      Token
    </Text>
    <View
      style={
        {
          "alignItems": "center",
          "flexDirection": "row",
          "marginTop": 4,
        }
      }
    >
      <View
        style={
          [
            {
              "height": 50,
              "width": 50,
            },
            {
              "height": 36,
              "marginRight": 8,
              "width": 36,
            },
            {
              "borderRadius": 25,
              "overflow": "hidden",
            },
          ]
        }
      />
      <Text
        style={
          {
            "color": "#141618",
            "fontFamily": "EuclidCircularB-Regular",
            "fontSize": 16,
            "fontWeight": "400",
          }
        }
      >
        TKN
      </Text>
    </View>
    <Text
      style={
        [
          {
            "color": "#141618",
            "fontFamily": "EuclidCircularB-Bold",
            "fontSize": 16,
            "fontWeight": "600",
            "marginTop": 32,
          },
          undefined,
        ]
      }
    >
      Token Amount
    </Text>
    <View
      style={
        {
          "alignItems": "center",
          "flexDirection": "row",
          "marginTop": 4,
        }
      }
    >
      <Text
        style={
          {
            "color": "#141618",
            "fontFamily": "EuclidCircularB-Regular",
            "fontSize": 16,
            "fontWeight": "400",
          }
        }
      >
        1
      </Text>
    </View>
    <Text
      style={
        [
          {
            "color": "#141618",
            "fontFamily": "EuclidCircularB-Bold",
            "fontSize": 16,
            "fontWeight": "600",
            "marginTop": 32,
          },
          undefined,
        ]
      }
    >
      Token contract address
    </Text>
    <TouchableOpacity
      hitSlop={
        {
          "bottom": 24,
          "left": 24,
          "right": 24,
          "top": 24,
        }
      }
      onPress={[Function]}
      style={
        {
          "alignItems": "center",
          "flexDirection": "row",
          "marginTop": 4,
        }
      }
    >
      <Text
        numberOfLines={1}
        style={
          {
            "color": "#0376c9",
            "fontFamily": "EuclidCircularB-Regular",
            "fontSize": 16,
            "fontWeight": "400",
          }
        }
      >
        0xAddr...ress
      </Text>
      <Text
        allowFontScaling={false}
        style={
          [
            {
              "color": undefined,
              "fontSize": 16,
            },
            {
              "color": "#0376c9",
              "marginLeft": 4,
            },
            {
              "fontFamily": "Feather",
              "fontStyle": "normal",
              "fontWeight": "normal",
            },
            {},
          ]
        }
      >
        î¥„
      </Text>
    </TouchableOpacity>
    <Text
      style={
        [
          {
            "color": "#141618",
            "fontFamily": "EuclidCircularB-Bold",
            "fontSize": 16,
            "fontWeight": "600",
            "marginTop": 32,
          },
          undefined,
        ]
      }
    >
      Token decimal
    </Text>
    <Text
      style={
        [
          {
            "color": "#141618",
            "fontFamily": "EuclidCircularB-Regular",
            "fontSize": 16,
            "fontWeight": "400",
          },
          {
            "alignItems": "center",
            "flexDirection": "row",
            "marginTop": 4,
          },
        ]
      }
    >
      18
    </Text>
    <Text
      style={
        [
          {
            "color": "#141618",
            "fontFamily": "EuclidCircularB-Bold",
            "fontSize": 16,
            "fontWeight": "600",
            "marginTop": 32,
          },
          undefined,
        ]
      }
    >
      Network
    </Text>
    <Text
      style={
        [
          {
            "color": "#141618",
            "fontFamily": "EuclidCircularB-Regular",
            "fontSize": 16,
            "fontWeight": "400",
          },
          {
            "alignItems": "center",
            "flexDirection": "row",
            "marginTop": 4,
          },
        ]
      }
    >
      Ethereum Mainnet
    </Text>
    <Text
      style={
        [
          {
            "color": "#141618",
            "fontFamily": "EuclidCircularB-Bold",
            "fontSize": 16,
            "fontWeight": "600",
            "marginTop": 32,
          },
          undefined,
        ]
      }
    >
      Token Lists
    </Text>
    <Text
      style={
        [
          {
            "color": "#141618",
            "fontFamily": "EuclidCircularB-Regular",
            "fontSize": 16,
            "fontWeight": "400",
          },
          {
            "alignItems": "center",
            "flexDirection": "row",
            "marginTop": 4,
          },
        ]
      }
    >
      Metamask, CMC
    </Text>
    <TouchableOpacity
      hitSlop={
        {
          "bottom": 24,
          "left": 24,
          "right": 24,
          "top": 24,
        }
      }
      onPress={[Function]}
      style={
        {
          "marginTop": 48,
        }
      }
    >
      <Text
        style={
          {
            "color": "#d73847",
            "fontFamily": "EuclidCircularB-Regular",
            "fontSize": 16,
            "fontWeight": "400",
          }
        }
      >
        Hide token
      </Text>
    </TouchableOpacity>
  </View>
</RCTScrollView>
`;
