// Jest Snapshot v1, https://goo.gl/fbAQLP

exports[`Step1 should render correctly 1`] = `
<View
  style={
    {
      "flex": 1,
    }
  }
  testID="onboarding-wizard-step1-container-id"
>
  <View
    style={
      {
        "bottom": 80,
        "flex": 1,
        "left": 0,
        "position": "absolute",
        "right": 0,
      }
    }
  >
    <View
      collapsable={false}
      style={
        {
          "opacity": 0,
        }
      }
    >
      <View
        style={
          [
            {
              "backgroundColor": "#0376C9",
              "borderRadius": 8,
              "padding": 20,
            },
            {
              "marginHorizontal": 16,
            },
          ]
        }
      >
        <View
          style={
            {
              "alignItems": "center",
              "flexDirection": "row",
              "justifyContent": "space-between",
            }
          }
        >
          <View />
          <Text
            style={
              {
                "alignSelf": "center",
                "color": "#FFFFFF",
                "fontFamily": "EuclidCircularB-Bold",
                "fontSize": 18,
                "fontWeight": "600",
              }
            }
          >
            Welcome to your wallet!
          </Text>
          <TouchableOpacity
            accessible={true}
            activeOpacity={1}
            disabled={false}
            onPress={[MockFunction]}
            onPressIn={[Function]}
            onPressOut={[Function]}
            style={
              {
                "alignItems": "center",
                "borderRadius": 8,
                "height": 16,
                "justifyContent": "center",
                "opacity": 1,
                "width": 16,
              }
            }
          >
            <SvgMock
              color="#FFFFFF"
              height={20}
              name="Close"
              style={
                {
                  "height": 20,
                  "width": 20,
                }
              }
              width={20}
            />
          </TouchableOpacity>
        </View>
        <View
          style={
            {
              "marginTop": 20,
            }
          }
        >
          <Text
            style={
              {
                "color": "#FFFFFF",
                "fontFamily": "EuclidCircularB-Regular",
                "fontSize": 14,
                "fontWeight": "400",
                "marginBottom": 20,
                "textAlign": "left",
              }
            }
          >
            On the blockchain, you need a wallet (and maybe some ETH). So letâ€™s take a look at how to use your MetaMask wallet.
          </Text>
        </View>
        <View
          style={
            {
              "flexDirection": "row",
            }
          }
        >
          <TouchableOpacity
            accessibilityRole="button"
            accessible={true}
            activeOpacity={1}
            onPress={[Function]}
            onPressIn={[Function]}
            onPressOut={[Function]}
            style={
              {
                "alignItems": "center",
                "alignSelf": "stretch",
                "backgroundColor": "#0376C9",
                "borderColor": "#FFFFFF",
                "borderRadius": 16,
                "borderWidth": 1,
                "flex": 0.5,
                "flexDirection": "row",
                "height": 32,
                "justifyContent": "center",
                "marginRight": 4,
                "paddingHorizontal": 16,
              }
            }
            testID="onboarding-wizard-no-thanks-button"
            variant="Primary"
          >
            <Text
              accessibilityRole="text"
              style={
                {
                  "color": "#FFFFFF",
                  "fontFamily": "Euclid Circular B",
                  "fontSize": 14,
                  "fontWeight": "400",
                  "letterSpacing": 0,
                  "lineHeight": 22,
                }
              }
            >
              No thanks
            </Text>
          </TouchableOpacity>
          <TouchableOpacity
            accessibilityRole="button"
            accessible={true}
            activeOpacity={1}
            onPress={[Function]}
            onPressIn={[Function]}
            onPressOut={[Function]}
            style={
              {
                "alignItems": "center",
                "alignSelf": "stretch",
                "backgroundColor": "#FFFFFF",
                "borderColor": "#0376C9",
                "borderRadius": 16,
                "borderWidth": 1,
                "flex": 0.5,
                "flexDirection": "row",
                "height": 32,
                "justifyContent": "center",
                "marginLeft": 4,
                "paddingHorizontal": 16,
              }
            }
            testID="onboarding-wizard-next-button"
            variant="Secondary"
          >
            <Text
              accessibilityRole="text"
              style={
                {
                  "color": "#0376C9",
                  "fontFamily": "Euclid Circular B",
                  "fontSize": 14,
                  "fontWeight": "400",
                  "letterSpacing": 0,
                  "lineHeight": 22,
                }
              }
            >
              Take the tour
            </Text>
          </TouchableOpacity>
        </View>
      </View>
      <View
        style={
          {
            "alignItems": "flex-start",
            "marginBottom": 10,
            "marginLeft": 30,
            "top": -2,
          }
        }
      >
        <View
          style={
            {
              "backgroundColor": "transparent",
              "borderLeftColor": "transparent",
              "borderLeftWidth": 15,
              "borderRightColor": "transparent",
              "borderRightWidth": 15,
              "borderStyle": "solid",
              "borderTopColor": "#0376C9",
              "borderTopWidth": 12,
              "height": 0,
              "position": "absolute",
              "width": 0,
            }
          }
        />
      </View>
    </View>
  </View>
</View>
`;
